ssh -fnNT -R 6000:localhost:65321 -S /tmp/rset_control_172.16.0.5 -M 172.16.0.5
0: echo
1: ssh
2: -fnNT
3: -R
4: 6000:localhost:65321
5: -S
6: /tmp/rset_control_172.16.0.5
7: -M
8: 172.16.0.5
