[33m[7mt430[0m[33ms               [0m  t430s/ common/
[36m[7mc[0m[36mhroot              [0m  execute_with=doas
[36m[7mc[0m[36mommon packages     [0m  interpreter=/bin/ksh -x,execute_with=doas
[36m[7md[0m[36mesktop             [0m  interpreter=/bin/ksh -x,execute_with=doas
